// Jest Snapshot v1, https://goo.gl/fbAQLP

exports[`Text render should render correctly 1`] = `
<div
  className="spinner"
/>
`;
